ASxxxx Linker V05.50.4-SDLD,  page 1.
Hexadecimal  [32-Bits]

Area                                    Addr        Size        Decimal Bytes (Attributes)
--------------------------------        ----        ----        ------- ----- ------------
CABS                                00000000    00000000 =           0. bytes (ABS,CON,CODE)

         Value  Global                             Global Defined In Module
         -----  --------------------------------   ------------------------
C:   00000000  l_CABS                          
C:   00000000  l_GSINIT1                       
C:   00000000  l_GSINIT5                       
C:   00000000  l_IABS                          
C:   00000000  l_ISEG                          
C:   00000000  l_PSEG                          
C:   00000000  l_REG_BANK_3                    
C:   00000000  l_RSEG                          
C:   00000000  l_RSEG0                         
C:   00000000  l_RSEG1                         
C:   00000000  l_XABS                          
C:   00000000  l_XINIT                         
C:   00000000  l_XISEG                         
C:   00000000  l_XSEG                          
C:   00000000  l__CODE                         
C:   00000000  s_BSEG                          
C:   00000000  s_CABS                          
C:   00000000  s_DSEG                          
C:   00000000  s_HOME                          
C:   00000000  s_IABS                          
C:   00000000  s_ISEG                          
C:   00000000  s_REG_BANK_0                    
C:   00000000  s_RSEG                          
C:   00000000  s_RSEG0                         
C:   00000000  s_RSEG1                         
C:   00000000  s_XABS                          
C:   00000001  l_BIT_BANK                      
C:   00000001  l_BSEG_BYTES                    
C:   00000002  l_BSEG                          
C:   00000003  l_GSFINAL                       
C:   00000003  l_GSINIT0                       
C:   00000008  l_REG_BANK_0                    
C:   00000008  l_REG_BANK_1                    
C:   00000008  l_REG_BANK_2                    
C:   00000008  s_REG_BANK_1                    
C:   0000000A  l_GSINIT2                       
C:   0000000B  l_OSEG                          
C:   00000010  s_REG_BANK_2                    
C:   00000016  l_GSINIT                        
C:   00000018  s_REG_BANK_3                    
C:   00000020  s_BSEG_BYTES                    
C:   00000020  s__CODE                         
C:   00000021  s_BIT_BANK                      
C:   00000022  l_GSINIT3                       
C:   0000002A  l_GSINIT4                       
C:   0000002F  s_OSEG                          
C:   0000003A  s_SSEG                          
C:   00000071  l_CONST                         
C:   00000078  l_DSEG                          
C:   000000B8  l_HOME                          
ASxxxx Linker V05.50.4-SDLD,  page 2.
Hexadecimal  [32-Bits]

Area                                    Addr        Size        Decimal Bytes (Attributes)
--------------------------------        ----        ----        ------- ----- ------------
CABS                                00000000    00000000 =           0. bytes (ABS,CON,CODE)

         Value  Global                             Global Defined In Module
         -----  --------------------------------   ------------------------
C:   000000B8  s_GSINIT0                       
C:   000000BB  s_GSINIT1                       
C:   000000BB  s_GSINIT2                       
C:   000000C0  s_PSEG                          
C:   000000C0  s_XISEG                         
C:   000000C0  s_XSEG                          
C:   000000C5  s_GSINIT3                       
C:   000000C6  l_SSEG                          
C:   000000E7  s_GSINIT4                       
C:   00000100  l_IRAM                          
C:   00000111  s_GSINIT                        
C:   00000111  s_GSINIT5                       
C:   00000127  s_GSFINAL                       
C:   0000012A  s_CSEG                          
C:   00000651  l_CSEG                          
C:   0000077B  s_CONST                         
C:   000007EC  s_XINIT                         

ASxxxx Linker V05.50.4-SDLD,  page 3.
Hexadecimal  [32-Bits]

Area                                    Addr        Size        Decimal Bytes (Attributes)
--------------------------------        ----        ----        ------- ----- ------------
.  .ABS.                            00000000    00000000 =           0. bytes (ABS,CON)

         Value  Global                             Global Defined In Module
         -----  --------------------------------   ------------------------
     00000000  .__.ABS.                           _startup
     00000000  _Ep0Buffer                         usb_isr
     00000040  _Ep1Buffer                         usb_isr
     00000087  _PCON                              usb_isr
     00000088  _TCON                              usb_isr
     00000089  _TMOD                              usb_isr
     0000008A  _TL0                               usb_isr
     0000008C  _TH0                               usb_isr
     0000008C  _TR0                               usb_isr
     0000008D  _TF0                               usb_isr
     00000090  _P1                                usb_isr
     00000092  _P1_MOD_OC                         usb_isr
     00000093  _P1_DIR_PU                         usb_isr
     00000096  _P3_MOD_OC                         usb_isr
     00000097  _P3_DIR_PU                         usb_isr
     000000A0  __XPAGE                            
     000000A1  _SAFE_MOD                          usb_isr
     000000A8  _IE                                usb_isr
     000000A9  _ET0                               usb_isr
     000000A9  _WAKE_CTRL                         usb_isr
     000000AF  _EA                                usb_isr
     000000B0  _P3                                usb_isr
     000000B9  _CLOCK_CFG                         usb_isr
     000000D1  _UDEV_CTRL                         usb_isr
     000000D2  _UEP1_CTRL                         usb_isr
     000000D3  _UEP1_T_LEN                        usb_isr
     000000D4  _UEP2_CTRL                         usb_isr
     000000D5  _UEP2_T_LEN                        usb_isr
     000000D6  _UEP3_CTRL                         usb_isr
     000000D7  _UEP3_T_LEN                        usb_isr
     000000D8  _UIF_BUS_RST                       usb_isr
     000000D8  _USB_INT_FG                        usb_isr
     000000D9  _UIF_TRANSFER                      usb_isr
     000000D9  _USB_INT_ST                        usb_isr
     000000DA  _UIF_SUSPEND                       usb_isr
     000000DA  _USB_MIS_ST                        usb_isr
     000000DB  _USB_RX_LEN                        usb_isr
     000000DC  _UEP0_CTRL                         usb_isr
     000000DC  _UIF_FIFO_OV                       usb_isr
     000000DD  _UEP0_T_LEN                        usb_isr
     000000DD  _U_SIE_FREE                        usb_isr
     000000DE  _U_TOG_OK                          usb_isr
     000000DF  _U_IS_NAK                          usb_isr
     000000E1  _USB_INT_EN                        usb_isr
     000000E2  _USB_CTRL                          usb_isr
     000000E3  _USB_DEV_AD                        usb_isr
     000000E4  _UEP2_DMA_L                        usb_isr
     000000E5  _UEP2_DMA_H                        usb_isr
     000000E8  _IE_EX                             usb_isr
     000000EA  _IE_USB                            usb_isr
ASxxxx Linker V05.50.4-SDLD,  page 4.
Hexadecimal  [32-Bits]

Area                                    Addr        Size        Decimal Bytes (Attributes)
--------------------------------        ----        ----        ------- ----- ------------
.  .ABS.                            00000000    00000000 =           0. bytes (ABS,CON)

         Value  Global                             Global Defined In Module
         -----  --------------------------------   ------------------------
     000000EA  _UEP4_1_MOD                        usb_isr
     000000EB  _UEP2_3_MOD                        usb_isr
     000000EC  _UEP0_DMA_L                        usb_isr
     000000ED  _UEP0_DMA_H                        usb_isr
     000000EE  _UEP1_DMA_L                        usb_isr
     000000EF  _UEP1_DMA_H                        usb_isr
     000000F5  _B_5                               _gptrget
     000000F6  _B_6                               _gptrget
     000000F7  _B_7                               _gptrget

ASxxxx Linker V05.50.4-SDLD,  page 5.
Hexadecimal  [32-Bits]

Area                                    Addr        Size        Decimal Bytes (Attributes)
--------------------------------        ----        ----        ------- ----- ------------
BSEG_BYTES                          00000020    00000001 =           1. bytes (REL,CON)

         Value  Global                             Global Defined In Module
         -----  --------------------------------   ------------------------
ASxxxx Linker V05.50.4-SDLD,  page 6.
Hexadecimal  [32-Bits]

Area                                    Addr        Size        Decimal Bytes (Attributes)
--------------------------------        ----        ----        ------- ----- ------------
REG_BANK_0                          00000000    00000008 =           8. bytes (REL,OVR)

         Value  Global                             Global Defined In Module
         -----  --------------------------------   ------------------------
ASxxxx Linker V05.50.4-SDLD,  page 7.
Hexadecimal  [32-Bits]

Area                                    Addr        Size        Decimal Bytes (Attributes)
--------------------------------        ----        ----        ------- ----- ------------
REG_BANK_1                          00000008    00000008 =           8. bytes (REL,OVR)

         Value  Global                             Global Defined In Module
         -----  --------------------------------   ------------------------
ASxxxx Linker V05.50.4-SDLD,  page 8.
Hexadecimal  [32-Bits]

Area                                    Addr        Size        Decimal Bytes (Attributes)
--------------------------------        ----        ----        ------- ----- ------------
REG_BANK_2                          00000010    00000008 =           8. bytes (REL,OVR)

         Value  Global                             Global Defined In Module
         -----  --------------------------------   ------------------------
ASxxxx Linker V05.50.4-SDLD,  page 9.
Hexadecimal  [32-Bits]

Area                                    Addr        Size        Decimal Bytes (Attributes)
--------------------------------        ----        ----        ------- ----- ------------
BIT_BANK                            00000021    00000001 =           1. bytes (REL,OVR)

         Value  Global                             Global Defined In Module
         -----  --------------------------------   ------------------------
ASxxxx Linker V05.50.4-SDLD,  page 10.
Hexadecimal  [32-Bits]

Area                                    Addr        Size        Decimal Bytes (Attributes)
--------------------------------        ----        ----        ------- ----- ------------
DSEG                                00000000    00000078 =         120. bytes (REL,CON)

         Value  Global                             Global Defined In Module
         -----  --------------------------------   ------------------------
     00000022  _LedState                          usb_isr

ASxxxx Linker V05.50.4-SDLD,  page 11.
Hexadecimal  [32-Bits]

Area                                    Addr        Size        Decimal Bytes (Attributes)
--------------------------------        ----        ----        ------- ----- ------------
OSEG                                0000002F    0000000B =          11. bytes (REL,OVR)

         Value  Global                             Global Defined In Module
         -----  --------------------------------   ------------------------
     0000002F  ___memcpy_PARM_2                   __memcpy
     0000002F  __gptrput_PARM_2                   _gptrput
     00000032  ___memcpy_PARM_3                   __memcpy
ASxxxx Linker V05.50.4-SDLD,  page 12.
Hexadecimal  [32-Bits]

Area                                    Addr        Size        Decimal Bytes (Attributes)
--------------------------------        ----        ----        ------- ----- ------------
SSEG                                0000003A    000000C6 =         198. bytes (REL,OVR)

         Value  Global                             Global Defined In Module
         -----  --------------------------------   ------------------------
     0000003A  __start__stack                     main

ASxxxx Linker V05.50.4-SDLD,  page 13.
Hexadecimal  [32-Bits]

Area                                    Addr        Size        Decimal Bytes (Attributes)
--------------------------------        ----        ----        ------- ----- ------------
HOME                                00000000    000000B8 =         184. bytes (REL,CON,CODE)

         Value  Global                             Global Defined In Module
         -----  --------------------------------   ------------------------
C:   00000048  sdcc_atomic_exchange_rollback_st   main
C:   0000006F  sdcc_atomic_exchange_gptr_impl     main
C:   0000006F  sdcc_atomic_exchange_rollback_en   main
C:   0000007F  sdcc_atomic_compare_exchange_gpt   main
C:   00000089  __sdcc_program_startup             main
C:   0000008E  sdcc_atomic_maybe_rollback         
ASxxxx Linker V05.50.4-SDLD,  page 14.
Hexadecimal  [32-Bits]

Area                                    Addr        Size        Decimal Bytes (Attributes)
--------------------------------        ----        ----        ------- ----- ------------
GSINIT0                             000000B8    00000003 =           3. bytes (REL,CON,CODE)

         Value  Global                             Global Defined In Module
         -----  --------------------------------   ------------------------
C:   000000B8  __sdcc_gsinit_startup              

ASxxxx Linker V05.50.4-SDLD,  page 15.
Hexadecimal  [32-Bits]

Area                                    Addr        Size        Decimal Bytes (Attributes)
--------------------------------        ----        ----        ------- ----- ------------
GSINIT2                             000000BB    0000000A =          10. bytes (REL,CON,CODE)

         Value  Global                             Global Defined In Module
         -----  --------------------------------   ------------------------
ASxxxx Linker V05.50.4-SDLD,  page 16.
Hexadecimal  [32-Bits]

Area                                    Addr        Size        Decimal Bytes (Attributes)
--------------------------------        ----        ----        ------- ----- ------------
GSINIT3                             000000C5    00000022 =          34. bytes (REL,CON,CODE)

         Value  Global                             Global Defined In Module
         -----  --------------------------------   ------------------------
C:   000000C5  __mcs51_genXINIT                   

ASxxxx Linker V05.50.4-SDLD,  page 17.
Hexadecimal  [32-Bits]

Area                                    Addr        Size        Decimal Bytes (Attributes)
--------------------------------        ----        ----        ------- ----- ------------
GSINIT4                             000000E7    0000002A =          42. bytes (REL,CON,CODE)

         Value  Global                             Global Defined In Module
         -----  --------------------------------   ------------------------
C:   000000E7  __mcs51_genRAMCLEAR                
C:   000000ED  __mcs51_genXRAMCLEAR               

ASxxxx Linker V05.50.4-SDLD,  page 18.
Hexadecimal  [32-Bits]

Area                                    Addr        Size        Decimal Bytes (Attributes)
--------------------------------        ----        ----        ------- ----- ------------
GSINIT                              00000111    00000016 =          22. bytes (REL,CON,CODE)

         Value  Global                             Global Defined In Module
         -----  --------------------------------   ------------------------
ASxxxx Linker V05.50.4-SDLD,  page 19.
Hexadecimal  [32-Bits]

Area                                    Addr        Size        Decimal Bytes (Attributes)
--------------------------------        ----        ----        ------- ----- ------------
GSFINAL                             00000127    00000003 =           3. bytes (REL,CON,CODE)

         Value  Global                             Global Defined In Module
         -----  --------------------------------   ------------------------
ASxxxx Linker V05.50.4-SDLD,  page 20.
Hexadecimal  [32-Bits]

Area                                    Addr        Size        Decimal Bytes (Attributes)
--------------------------------        ----        ----        ------- ----- ------------
CSEG                                0000012A    00000651 =        1617. bytes (REL,CON,CODE)

         Value  Global                             Global Defined In Module
         -----  --------------------------------   ------------------------
C:   0000012A  _main                              main
C:   0000013D  _CfgFsys                           sys
C:   0000014F  _mDelayuS                          sys
C:   00000166  _mDelaymS                          sys
C:   00000213  _LEDs_Init                         usb_isr
C:   0000023E  _Timer0Interrupt                   usb_isr
C:   000002A9  _USB_DeviceInterrupt               usb_isr
C:   000006B5  _USB_DeviceInit                    usb_isr
C:   000006EB  ___memcpy                          __memcpy
C:   00000740  __gptrput                          _gptrput
C:   0000075B  __gptrget                          _gptrget
C:   00000777  ___sdcc_external_startup           _startup
ASxxxx Linker V05.50.4-SDLD,  page 21.
Hexadecimal  [32-Bits]

Area                                    Addr        Size        Decimal Bytes (Attributes)
--------------------------------        ----        ----        ------- ----- ------------
CONST                               0000077B    00000071 =         113. bytes (REL,CON,CODE)

         Value  Global                             Global Defined In Module
         -----  --------------------------------   ------------------------
C:   0000077B  _MyReportDescr                     usb_desc
C:   00000790  _MyDevDescr                        usb_desc
C:   000007A2  _MyCfgDescr                        usb_desc
C:   000007C4  _MyLangDescr                       usb_desc
C:   000007C8  _MyManuInfo                        usb_desc
C:   000007D6  _MyProdInfo                        usb_desc
C:   000007E6  _MyDevDescrLen                     usb_desc
C:   000007E7  _MyCfgDescrLen                     usb_desc
C:   000007E8  _MyLangDescrLen                    usb_desc
C:   000007E9  _MyManuInfoLen                     usb_desc
C:   000007EA  _MyProdInfoLen                     usb_desc
C:   000007EB  _MyReportDescrLen                  usb_desc
ASxxxx Linker V05.50.4-SDLD,  page 22.

Files Linked                              [ module(s) ]

build/main.rel                            [  ]
build/sys.rel                             [  ]
build/usb_desc.rel                        [  ]
build/usb_isr.rel                         [  ]


Libraries Linked                          [ object file ]

C:\Program Files\SDCC\bin\..\lib\small/mcs51.lib
                                          [ crtclear.rel ]
C:\Program Files\SDCC\bin\..\lib\small/libsdcc.lib
                                          [ __memcpy.rel ]
C:\Program Files\SDCC\bin\..\lib\small/mcs51.lib
                                          [ crtxinit.rel ]
C:\Program Files\SDCC\bin\..\lib\small/mcs51.lib
                                          [ __sdcc_atomic_maybe_rollback.rel ]
C:\Program Files\SDCC\bin\..\lib\small/libsdcc.lib
                                          [ _gptrput.rel ]
C:\Program Files\SDCC\bin\..\lib\small/mcs51.lib
                                          [ crtxclear.rel ]
C:\Program Files\SDCC\bin\..\lib\small/mcs51.lib
                                          [ crtpagesfr.rel ]
C:\Program Files\SDCC\bin\..\lib\small/mcs51.lib
                                          [ crtstart.rel ]
C:\Program Files\SDCC\bin\..\lib\small/libsdcc.lib
                                          [ _gptrget.rel ]
C:\Program Files\SDCC\bin\..\lib\small/libsdcc.lib
                                          [ _startup.rel ]

ASxxxx Linker V05.50.4-SDLD,  page 23.

User Base Address Definitions

HOME = 0x0000
XSEG = 0x00c0
PSEG = 0x00c0
ISEG = 0x0000
BSEG = 0x0000

